
 Start  Stop   Length Name               Class

 00000H 03C1EH 03C1FH _TEXT              CODE
 03C20H 06396H 02777H EMU_PROG           CODE
 063A0H 06967H 005C8H E87_PROG           CODE
 06970H 06970H 00000H _FARDATA           FAR_DATA
 06970H 06970H 00000H _FARBSS            FAR_BSS
 06970H 06970H 00000H _OVERLAY_          OVRINFO
 06970H 06970H 00000H _1STUB_            STUBSEG
 06970H 071B9H 0084AH _DATA              DATA
 071BAH 071BDH 00004H _CVTSEG            DATA
 071BEH 071C3H 00006H _SCNSEG            DATA
 071C4H 071C4H 00000H _CONST             CONST
 071C4H 071D5H 00012H _INIT_             INITDATA
 071D6H 071D6H 00000H _INITEND_          INITDATA
 071D6H 071DBH 00006H _EXIT_             EXITDATA
 071DCH 071DCH 00000H _EXITEND_          EXITDATA
 071DCH 09563H 02388H _BSS               BSS
 09564H 09564H 00000H _BSSEND            BSSEND
 09570H 095EFH 00080H _STACK             STACK


Detailed map of segments

 0000:0000 02C2 C=CODE   S=_TEXT          G=(none)  M=c0.ASM     ACBP=28
 0000:02C2 0584 C=CODE   S=_TEXT          G=(none)  M=EX2S.C     ACBP=28
 0000:0846 0068 C=CODE   S=_TEXT          G=(none)  M=..\IX86S\IX86S_A.ASM ACBP=48
 0000:08AE 00D9 C=CODE   S=_TEXT          G=(none)  M=..\IX86S\IX86S_C.C ACBP=28
 0000:0987 0ED9 C=CODE   S=_TEXT          G=(none)  M=..\SOURCE\UCOS.C ACBP=28
 0000:1860 0258 C=CODE   S=_TEXT          G=(none)  M=FPINIT     ACBP=28
 0000:1AB8 0000 C=CODE   S=_TEXT          G=(none)  M=E87TRAP    ACBP=28
 0000:1AB8 0000 C=CODE   S=_TEXT          G=(none)  M=PROTFLAG   ACBP=28
 0000:1AB8 0000 C=CODE   S=_TEXT          G=(none)  M=DEFLT87    ACBP=28
 0000:1AB8 01B5 C=CODE   S=_TEXT          G=(none)  M=REALCVT    ACBP=28
 0000:1C6D 0203 C=CODE   S=_TEXT          G=(none)  M=XCVT       ACBP=28
 0000:1E70 0088 C=CODE   S=_TEXT          G=(none)  M=FPERR      ACBP=28
 0000:1EF8 00C9 C=CODE   S=_TEXT          G=(none)  M=_POW10     ACBP=28
 0000:1FC1 000B C=CODE   S=_TEXT          G=(none)  M=POW10D     ACBP=28
 0000:1FCC 0024 C=CODE   S=_TEXT          G=(none)  M=ATEXIT     ACBP=28
 0000:1FF0 0089 C=CODE   S=_TEXT          G=(none)  M=EXIT       ACBP=28
 0000:2079 0000 C=CODE   S=_TEXT          G=(none)  M=FILES      ACBP=28
 0000:2079 0000 C=CODE   S=_TEXT          G=(none)  M=FILES2     ACBP=28
 0000:2079 0000 C=CODE   S=_TEXT          G=(none)  M=FPSTKLEN   ACBP=28
 0000:2079 0026 C=CODE   S=_TEXT          G=(none)  M=GETDATE    ACBP=28
 0000:209F 0020 C=CODE   S=_TEXT          G=(none)  M=GETVECT    ACBP=28
 0000:20BF 0000 C=CODE   S=_TEXT          G=(none)  M=HEAPLEN    ACBP=28
 0000:20BF 00AE C=CODE   S=_TEXT          G=(none)  M=H_LDIV     ACBP=28
 0000:216D 0021 C=CODE   S=_TEXT          G=(none)  M=H_LLSH     ACBP=28
 0000:218E 004B C=CODE   S=_TEXT          G=(none)  M=IOERROR    ACBP=28
 0000:21D9 0011 C=CODE   S=_TEXT          G=(none)  M=ISATTY     ACBP=28
 0000:21EA 009A C=CODE   S=_TEXT          G=(none)  M=LONGTOA    ACBP=28
 0000:2284 0029 C=CODE   S=_TEXT          G=(none)  M=LSEEK      ACBP=28
 0000:22AD 0017 C=CODE   S=_TEXT          G=(none)  M=N_LXMUL    ACBP=28
 0000:22C4 0037 C=CODE   S=_TEXT          G=(none)  M=RAND       ACBP=28
 0000:22FB 009D C=CODE   S=_TEXT          G=(none)  M=SETUPIO    ACBP=28
 0000:2398 0000 C=CODE   S=_TEXT          G=(none)  M=SIGDATA    ACBP=28
 0000:2398 0000 C=CODE   S=_TEXT          G=(none)  M=STKLEN     ACBP=28
 0000:2398 04CB C=CODE   S=_TEXT          G=(none)  M=VPRINTER   ACBP=28
 0000:2863 009F C=CODE   S=_TEXT          G=(none)  M=VRAM       ACBP=28
 0000:2902 0000 C=CODE   S=_TEXT          G=(none)  M=WSCROLL    ACBP=28
 0000:2902 006F C=CODE   S=_TEXT          G=(none)  M=BRK        ACBP=28
 0000:2971 0029 C=CODE   S=_TEXT          G=(none)  M=CLRSCR     ACBP=28
 0000:299A 0149 C=CODE   S=_TEXT          G=(none)  M=CPRINTF    ACBP=28
 0000:2AE3 01A1 C=CODE   S=_TEXT          G=(none)  M=CRTINIT    ACBP=28
 0000:2C84 001F C=CODE   S=_TEXT          G=(none)  M=CVTFAK     ACBP=28
 0000:2CA3 0054 C=CODE   S=_TEXT          G=(none)  M=GETCH      ACBP=28
 0000:2CF7 00A8 C=CODE   S=_TEXT          G=(none)  M=GPTEXT     ACBP=28
 0000:2D9F 0012 C=CODE   S=_TEXT          G=(none)  M=KBHIT      ACBP=28
 0000:2DB1 009D C=CODE   S=_TEXT          G=(none)  M=MOVETEXT   ACBP=28
 0000:2E4E 0277 C=CODE   S=_TEXT          G=(none)  M=NEARHEAP   ACBP=28
 0000:30C5 0013 C=CODE   S=_TEXT          G=(none)  M=PUTCH      ACBP=28
 0000:30D8 0004 C=CODE   S=_TEXT          G=(none)  M=REALCVT    ACBP=28
 0000:30DC 01BD C=CODE   S=_TEXT          G=(none)  M=SCREEN     ACBP=28
 0000:3299 017E C=CODE   S=_TEXT          G=(none)  M=SCROLL     ACBP=28
 0000:3417 002C C=CODE   S=_TEXT          G=(none)  M=WHEREXY    ACBP=28
 0000:3443 007D C=CODE   S=_TEXT          G=(none)  M=FFLUSH     ACBP=28
 0000:34C0 0038 C=CODE   S=_TEXT          G=(none)  M=FLUSHALL   ACBP=28
 0000:34F8 0016 C=CODE   S=_TEXT          G=(none)  M=FPRINTF    ACBP=28
 0000:350E 0182 C=CODE   S=_TEXT          G=(none)  M=FSEEK      ACBP=28
 0000:3690 001F C=CODE   S=_TEXT          G=(none)  M=MEMCPY     ACBP=28
 0000:36AF 02E4 C=CODE   S=_TEXT          G=(none)  M=PUTC       ACBP=28
 0000:3993 00CC C=CODE   S=_TEXT          G=(none)  M=SETVBUF    ACBP=28
 0000:3A5F 005F C=CODE   S=_TEXT          G=(none)  M=SPRINTF    ACBP=28
 0000:3ABE 0106 C=CODE   S=_TEXT          G=(none)  M=WRITE      ACBP=28
 0000:3BC4 003A C=CODE   S=_TEXT          G=(none)  M=WRITEA     ACBP=28
 0000:3BFE 0021 C=CODE   S=_TEXT          G=(none)  M=XFFLUSH    ACBP=28
 03C2:0000 0000 C=CODE   S=EMU_PROG       G=(none)  M=FPINIT     ACBP=68
 03C2:0000 2777 C=CODE   S=EMU_PROG       G=(none)  M=EMU086     ACBP=68
 063A:0000 0000 C=CODE   S=E87_PROG       G=(none)  M=FPINIT     ACBP=68
 063A:0000 03E3 C=CODE   S=E87_PROG       G=(none)  M=EMU087     ACBP=68
 063A:03F0 01D8 C=CODE   S=E87_PROG       G=(none)  M=E87TRAP    ACBP=68
 0697:0000 0000 C=FAR_DATA S=_FARDATA       G=(none)  M=c0.ASM     ACBP=68
 0697:0000 0000 C=FAR_BSS S=_FARBSS        G=(none)  M=c0.ASM     ACBP=68
 0697:0000 0000 C=OVRINFO S=_OVERLAY_      G=(none)  M=c0.ASM     ACBP=68
 0697:0000 0000 C=STUBSEG S=_1STUB_        G=(none)  M=c0.ASM     ACBP=68
 0697:0000 00AA C=DATA   S=_DATA          G=DGROUP  M=c0.ASM     ACBP=68
 0697:00AA 01B0 C=DATA   S=_DATA          G=DGROUP  M=EX2S.C     ACBP=48
 0697:025A 0000 C=DATA   S=_DATA          G=DGROUP  M=..\IX86S\IX86S_A.ASM ACBP=48
 0697:025A 0000 C=DATA   S=_DATA          G=DGROUP  M=..\IX86S\IX86S_C.C ACBP=48
 0697:025A 0108 C=DATA   S=_DATA          G=DGROUP  M=..\SOURCE\UCOS.C ACBP=48
 0697:0370 0002 C=DATA   S=_DATA          G=DGROUP  M=FPINIT     ACBP=68
 0697:0380 0000 C=DATA   S=_DATA          G=DGROUP  M=E87TRAP    ACBP=68
 0697:0380 0003 C=DATA   S=_DATA          G=DGROUP  M=PROTFLAG   ACBP=48
 0697:0384 0002 C=DATA   S=_DATA          G=DGROUP  M=DEFLT87    ACBP=48
 0697:0386 0000 C=DATA   S=_DATA          G=DGROUP  M=REALCVT    ACBP=48
 0697:0386 0000 C=DATA   S=_DATA          G=DGROUP  M=XCVT       ACBP=48
 0697:0386 008C C=DATA   S=_DATA          G=DGROUP  M=FPERR      ACBP=48
 0697:0412 0080 C=DATA   S=_DATA          G=DGROUP  M=_POW10     ACBP=48
 0697:0492 0000 C=DATA   S=_DATA          G=DGROUP  M=POW10D     ACBP=48
 0697:04A0 0110 C=DATA   S=_DATA          G=DGROUP  M=EMUVARS    ACBP=68
 0697:05B0 0002 C=DATA   S=_DATA          G=DGROUP  M=ATEXIT     ACBP=48
 0697:05B2 0006 C=DATA   S=_DATA          G=DGROUP  M=EXIT       ACBP=48
 0697:05B8 0140 C=DATA   S=_DATA          G=DGROUP  M=FILES      ACBP=48
 0697:06F8 002A C=DATA   S=_DATA          G=DGROUP  M=FILES2     ACBP=48
 0697:0722 0002 C=DATA   S=_DATA          G=DGROUP  M=FPSTKLEN   ACBP=48
 0697:0724 0000 C=DATA   S=_DATA          G=DGROUP  M=GETDATE    ACBP=48
 0697:0724 0000 C=DATA   S=_DATA          G=DGROUP  M=GETVECT    ACBP=48
 0697:0724 0002 C=DATA   S=_DATA          G=DGROUP  M=HEAPLEN    ACBP=48
 0697:0726 0000 C=DATA   S=_DATA          G=DGROUP  M=H_LDIV     ACBP=48
 0697:0726 0000 C=DATA   S=_DATA          G=DGROUP  M=H_LLSH     ACBP=48
 0697:0726 005B C=DATA   S=_DATA          G=DGROUP  M=IOERROR    ACBP=48
 0697:0782 0000 C=DATA   S=_DATA          G=DGROUP  M=ISATTY     ACBP=48
 0697:0782 0000 C=DATA   S=_DATA          G=DGROUP  M=LONGTOA    ACBP=48
 0697:0782 0000 C=DATA   S=_DATA          G=DGROUP  M=LSEEK      ACBP=48
 0697:0782 0000 C=DATA   S=_DATA          G=DGROUP  M=N_LXMUL    ACBP=48
 0697:0782 0004 C=DATA   S=_DATA          G=DGROUP  M=RAND       ACBP=48
 0697:0786 0000 C=DATA   S=_DATA          G=DGROUP  M=SETUPIO    ACBP=48
 0697:0786 0000 C=DATA   S=_DATA          G=DGROUP  M=SIGDATA    ACBP=48
 0697:0786 0002 C=DATA   S=_DATA          G=DGROUP  M=STKLEN     ACBP=48
 0697:0788 0067 C=DATA   S=_DATA          G=DGROUP  M=VPRINTER   ACBP=48
 0697:07F0 0000 C=DATA   S=_DATA          G=DGROUP  M=VRAM       ACBP=48
 0697:07F0 0002 C=DATA   S=_DATA          G=DGROUP  M=WSCROLL    ACBP=48
 0697:07F2 0000 C=DATA   S=_DATA          G=DGROUP  M=BRK        ACBP=48
 0697:07F2 0000 C=DATA   S=_DATA          G=DGROUP  M=CLRSCR     ACBP=48
 0697:07F2 0000 C=DATA   S=_DATA          G=DGROUP  M=CPRINTF    ACBP=48
 0697:07F2 0018 C=DATA   S=_DATA          G=DGROUP  M=CRTINIT    ACBP=48
 0697:080A 0031 C=DATA   S=_DATA          G=DGROUP  M=CVTFAK     ACBP=48
 0697:083C 0000 C=DATA   S=_DATA          G=DGROUP  M=GETCH      ACBP=48
 0697:083C 0000 C=DATA   S=_DATA          G=DGROUP  M=GPTEXT     ACBP=48
 0697:083C 0002 C=DATA   S=_DATA          G=DGROUP  M=KBHIT      ACBP=48
 0697:083E 0000 C=DATA   S=_DATA          G=DGROUP  M=MOVETEXT   ACBP=48
 0697:083E 0006 C=DATA   S=_DATA          G=DGROUP  M=NEARHEAP   ACBP=48
 0697:0844 0000 C=DATA   S=_DATA          G=DGROUP  M=PUTCH      ACBP=48
 0697:0844 0000 C=DATA   S=_DATA          G=DGROUP  M=REALCVT    ACBP=48
 0697:0844 0000 C=DATA   S=_DATA          G=DGROUP  M=SCREEN     ACBP=48
 0697:0844 0000 C=DATA   S=_DATA          G=DGROUP  M=SCROLL     ACBP=48
 0697:0844 0000 C=DATA   S=_DATA          G=DGROUP  M=WHEREXY    ACBP=48
 0697:0844 0000 C=DATA   S=_DATA          G=DGROUP  M=FFLUSH     ACBP=48
 0697:0844 0000 C=DATA   S=_DATA          G=DGROUP  M=FLUSHALL   ACBP=48
 0697:0844 0000 C=DATA   S=_DATA          G=DGROUP  M=FPRINTF    ACBP=48
 0697:0844 0000 C=DATA   S=_DATA          G=DGROUP  M=FSEEK      ACBP=48
 0697:0844 0000 C=DATA   S=_DATA          G=DGROUP  M=MEMCPY     ACBP=48
 0697:0844 0001 C=DATA   S=_DATA          G=DGROUP  M=PUTC       ACBP=48
 0697:0846 0004 C=DATA   S=_DATA          G=DGROUP  M=SETVBUF    ACBP=48
 0697:084A 0000 C=DATA   S=_DATA          G=DGROUP  M=SPRINTF    ACBP=48
 0697:084A 0000 C=DATA   S=_DATA          G=DGROUP  M=WRITE      ACBP=48
 0697:084A 0000 C=DATA   S=_DATA          G=DGROUP  M=WRITEA     ACBP=48
 0697:084A 0000 C=DATA   S=_DATA          G=DGROUP  M=XFFLUSH    ACBP=48
 0697:084A 0000 C=DATA   S=_CVTSEG        G=DGROUP  M=c0.ASM     ACBP=48
 0697:084A 0002 C=DATA   S=_CVTSEG        G=DGROUP  M=REALCVT    ACBP=48
 0697:084C 0002 C=DATA   S=_CVTSEG        G=DGROUP  M=CVTFAK     ACBP=48
 0697:084E 0000 C=DATA   S=_CVTSEG        G=DGROUP  M=REALCVT    ACBP=48
 0697:084E 0000 C=DATA   S=_SCNSEG        G=DGROUP  M=c0.ASM     ACBP=48
 0697:084E 0006 C=DATA   S=_SCNSEG        G=DGROUP  M=CVTFAK     ACBP=48
 0697:0854 0000 C=CONST  S=_CONST         G=DGROUP  M=c0.ASM     ACBP=48
 0697:0854 0000 C=INITDATA S=_INIT_         G=DGROUP  M=c0.ASM     ACBP=48
 0697:0854 0006 C=INITDATA S=_INIT_         G=DGROUP  M=FPINIT     ACBP=48
 0697:085A 0006 C=INITDATA S=_INIT_         G=DGROUP  M=SETUPIO    ACBP=48
 0697:0860 0006 C=INITDATA S=_INIT_         G=DGROUP  M=CRTINIT    ACBP=48
 0697:0866 0000 C=INITDATA S=_INITEND_      G=DGROUP  M=c0.ASM     ACBP=28
 0697:0866 0000 C=EXITDATA S=_EXIT_         G=DGROUP  M=c0.ASM     ACBP=48
 0697:0866 0006 C=EXITDATA S=_EXIT_         G=DGROUP  M=FPINIT     ACBP=48
 0697:086C 0000 C=EXITDATA S=_EXITEND_      G=DGROUP  M=c0.ASM     ACBP=28
 0697:086C 0000 C=BSS    S=_BSS           G=DGROUP  M=c0.ASM     ACBP=48
 0697:086C 1820 C=BSS    S=_BSS           G=DGROUP  M=EX2S.C     ACBP=48
 0697:208C 0000 C=BSS    S=_BSS           G=DGROUP  M=..\IX86S\IX86S_C.C ACBP=48
 0697:208C 0B23 C=BSS    S=_BSS           G=DGROUP  M=..\SOURCE\UCOS.C ACBP=48
 0697:2BB0 0000 C=BSS    S=_BSS           G=DGROUP  M=REALCVT    ACBP=48
 0697:2BB0 0000 C=BSS    S=_BSS           G=DGROUP  M=XCVT       ACBP=48
 0697:2BB0 0000 C=BSS    S=_BSS           G=DGROUP  M=_POW10     ACBP=48
 0697:2BB0 0040 C=BSS    S=_BSS           G=DGROUP  M=ATEXIT     ACBP=48
 0697:2BF0 0000 C=BSS    S=_BSS           G=DGROUP  M=GETVECT    ACBP=48
 0697:2BF0 0000 C=BSS    S=_BSS           G=DGROUP  M=IOERROR    ACBP=48
 0697:2BF0 0000 C=BSS    S=_BSS           G=DGROUP  M=ISATTY     ACBP=48
 0697:2BF0 0000 C=BSS    S=_BSS           G=DGROUP  M=LONGTOA    ACBP=48
 0697:2BF0 0000 C=BSS    S=_BSS           G=DGROUP  M=LSEEK      ACBP=48
 0697:2BF0 0000 C=BSS    S=_BSS           G=DGROUP  M=SETUPIO    ACBP=48
 0697:2BF0 0002 C=BSS    S=_BSS           G=DGROUP  M=SIGDATA    ACBP=48
 0697:2BF2 0000 C=BSS    S=_BSS           G=DGROUP  M=VPRINTER   ACBP=48
 0697:2BF2 0000 C=BSS    S=_BSS           G=DGROUP  M=VRAM       ACBP=48
 0697:2BF2 0000 C=BSS    S=_BSS           G=DGROUP  M=BRK        ACBP=48
 0697:2BF2 0000 C=BSS    S=_BSS           G=DGROUP  M=CRTINIT    ACBP=48
 0697:2BF2 0000 C=BSS    S=_BSS           G=DGROUP  M=GETCH      ACBP=48
 0697:2BF2 0000 C=BSS    S=_BSS           G=DGROUP  M=KBHIT      ACBP=48
 0697:2BF2 0000 C=BSS    S=_BSS           G=DGROUP  M=MEMCPY     ACBP=48
 0697:2BF2 0001 C=BSS    S=_BSS           G=DGROUP  M=PUTC       ACBP=48
 0697:2BF4 0000 C=BSS    S=_BSS           G=DGROUP  M=WRITEA     ACBP=48
 0697:2BF4 0000 C=BSSEND S=_BSSEND        G=DGROUP  M=c0.ASM     ACBP=28
 0957:0000 0080 C=STACK  S=_STACK         G=(none)  M=c0.ASM     ACBP=74

  Address         Publics by Name

 0697:0000 idle  DATASEG@
 0000:02BE idle  DGROUP@
 03C2:2152       e086_Entry
 03C2:26E0       e086_Shortcut
 063A:0306       e087_Entry
 063A:03C6       e087_Shortcut
 063A:0430       e087_Trap
 0000:FE32 idle  FIARQQ
 0000:0E32 idle  FICRQQ
 0000:5C32  Abs  FIDRQQ
 0000:1632  Abs  FIERQQ
 0000:0632 idle  FISRQQ
 0000:A23D  Abs  FIWRQQ
 0000:4000 idle  FJARQQ
 0000:C000 idle  FJCRQQ
 0000:8000 idle  FJSRQQ
 0000:20C2 idle  F_LDIV@
 0000:20D1 idle  F_LMOD@
 0000:20C9 idle  F_LUDIV@
 0000:20D9 idle  F_LUMOD@
 0000:2170 idle  F_LXLSH@
 0000:20C2 idle  LDIV@
 0000:20D1 idle  LMOD@
 0000:20C9 idle  LUDIV@
 0000:20D9 idle  LUMOD@
 0000:2170 idle  LXLSH@
 0000:20BF       N_LDIV@
 0000:20CE idle  N_LMOD@
 0000:20C6 idle  N_LUDIV@
 0000:20D6 idle  N_LUMOD@
 0000:216D       N_LXLSH@
 0000:22AD       N_LXMUL@
 0000:02A9       _abort
 0000:1FCC idle  _atexit
 0000:2955 idle  _brk
 0000:2971       _clrscr
 0000:2ACD idle  _cprintf
 0697:0801       _directvideo
 0000:07BE idle  _DispChar
 0000:07FC idle  _DispStr
 0697:0094       _errno
 0000:203E       _exit
 0000:3443       _fflush
 0000:34C0       _flushall
 0000:34F8       _fprintf
 0000:36C6 idle  _fputc
 0000:37ED idle  _fputchar
 0000:2E4E       _free
 0000:356B       _fseek
 0000:35CF idle  _ftell
 0000:2CA3       _getch
 0000:2CBC idle  _getche
 0000:2079       _getdate
 0000:2CF7       _gettext
 0000:208C       _gettime
 0000:209F       _getvect
 0000:21D9       _isatty
 0000:2D9F       _kbhit
 0697:0888 idle  _KeyMboxPtr
 0697:0874 idle  _KeyQ
 0697:088A idle  _KeyQPtr
 0000:2284       _lseek
 0000:02C2       _main
 0000:2F1D       _malloc
 0000:3690       _memcpy
 0000:2DB1       _movetext
 0697:086E idle  _OldBP
 0697:086C idle  _OldSP
 0697:0870 idle  _OldTickISR
 0000:0853       _OSCtxSw
 0697:2BAD       _OSCtxSwCtr
 0697:2BA9       _OSIdleCtr
 0000:0987       _OSInit
 0000:0875       _OSIntCtxSw
 0000:0C28       _OSIntEnter
 0000:0C2F       _OSIntExit
 0697:2BA8 idle  _OSIntNesting
 0697:025A idle  _OSMapTbl
 0000:1370 idle  _OSMboxAccept
 0000:1323       _OSMboxCreate
 0000:1391       _OSMboxPend
 0000:148F       _OSMboxPost
 0000:15F5 idle  _OSQAccept
 0000:155B       _OSQCreate
 0000:162C       _OSQPend
 0000:176A       _OSQPost
 0697:2BA7       _OSRunning
 0000:0AE2       _OSSched
 0000:0B35 idle  _OSSchedLock
 0000:0B43 idle  _OSSchedUnlock
 0000:117E idle  _OSSemAccept
 0000:112C idle  _OSSemCreate
 0000:1196 idle  _OSSemPend
 0000:125F idle  _OSSemPost
 0000:0A97       _OSStart
 0000:0846       _OSStartHighRdy
 0000:0C81 idle  _OSTaskChangePrio
 0000:08AE       _OSTaskCreate
 0000:0DBE idle  _OSTaskDel
 0000:0EC0 idle  _OSTaskDelReq
 0000:0FB5 idle  _OSTaskResume
 0000:0F2F idle  _OSTaskSuspend
 0697:2BA5       _OSTCBCur
 0697:2BA3       _OSTCBHighRdy
 0000:0B6A       _OSTCBInit
 0697:2B23       _OSTCBPrioTbl
 0000:0897       _OSTickISR
 0000:100B       _OSTimeDly
 0000:104C idle  _OSTimeDlyResume
 0000:110E idle  _OSTimeGet
 0000:10FA idle  _OSTimeSet
 0000:10A4       _OSTimeTick
 0697:0262 idle  _OSUnMapTbl
 0000:1FC1       _pow10
 0000:30C5       _putch
 0000:2D4B       _puttext
 0000:22D5       _rand
 0000:3074 idle  _realloc
 0000:2961 idle  _sbrk
 0000:3993       _setvbuf
 0000:20AE       _setvect
 0000:3A85       _sprintf
 0000:22C4 idle  _srand
 0000:05A0 idle  _Task1
 0697:108C idle  _Task1Stk
 0000:060E idle  _Task2
 0697:0C8C idle  _Task2Stk
 0000:067C idle  _Task3
 0697:088C idle  _Task3Stk
 0000:075E idle  _TaskClk
 0697:188C idle  _TaskClkStk
 0000:04CE idle  _TaskKey
 0697:148C idle  _TaskKeyStk
 0000:0329 idle  _TaskStat
 0697:1C8C idle  _TaskStatStk
 0000:2CD9 idle  _ungetch
 0000:3AA2 idle  _vsprintf
 0000:3421 idle  _wherex
 0000:3430 idle  _wherey
 0697:0370 idle  __8087
 0000:1000 idle  __AHINCR
 0000:000C idle  __AHSHIFT
 0697:05B0       __atexitcnt
 0697:2BB0       __atexittbl
 0697:00A2 idle  __brklvl
 0697:0084 idle  __C0argc
 0697:0086 idle  __C0argv
 0000:2BA6 idle  __c0crtinit
 0697:0088 idle  __C0environ
 0697:083D       __cChar
 0000:205F idle  __cexit
 0697:083C       __cFlag
 0000:0172       __checknull
 0000:015F       __cleanup
 0000:299A       __CPUTN
 0000:2BC3 idle  __crtinit
 0000:0000  Abs  __cvtfak
 0000:206D idle  __c_exit
 0697:0384       __default87
 0697:0726 idle  __doserrno
 0000:21C7 idle  __DOSERROR
 0697:0728 idle  __dosErrorToSV
 0697:04A0       __emu
 0697:008A idle  __envLng
 0697:008C idle  __envseg
 0697:008E idle  __envSize
 0000:204D       __exit
 0697:05B2       __exitbuf
 0697:05B4 idle  __exitfopen
 0697:05B6 idle  __exitopen
 0697:083E idle  __first
 0000:1E70       __fperror
 0697:0722       __fpstklen
 0000:1AB4       __fpuint
 0000:36AF idle  __fputc
 0000:37FE       __FPUTN
 0697:009E idle  __heapbase
 0697:0724       __heaplen
 0697:00A6 idle  __heaptop
 0697:0074 idle  __Int0Vector
 0697:0078 idle  __Int4Vector
 0697:007C idle  __Int5Vector
 0697:0080 idle  __Int6Vector
 0000:218E       __IOERROR
 0697:0840 idle  __last
 0697:0381       __LDT
 0000:21EA       __LONGTOA
 0000:02C0 idle  __MMODEL
 0697:06F8       __nfile
 0000:2CBC idle  __Ngetche
 0000:2CD9 idle  __Nungetch
 0697:06FA       __openfd
 0697:0092 idle  __osmajor
 0697:0093 idle  __osminor
 0697:0092 idle  __osversion
 0000:1EF8       __POW10
 0697:0380       __protected
 0697:0090       __psp
 0000:30D8       __REALCVT
 0697:084A       __RealCvtVector
 0000:01EF       __restorezero
 0697:0842 idle  __rover
 0697:084E idle  __ScanTodVector
 0000:3208       __SCREENIO
 0000:32BB       __SCROLL
 0000:22FB       __setupio
 0697:0096 idle  __StartTime
 0697:0786       __stklen
 0697:05B8       __streams
 0000:019A       __terminate
 0000:0000 idle  __turboCrt
 0000:0000  Abs  __turboCvt
 0000:2267 idle  __UTOA
 0000:3244       __VALIDATEXY
 0697:0092       __version
 0697:07F2       __video
 0000:2B1B       __VideoInt
 0000:23B0       __VPRINTER
 0000:2863       __VPTR
 0000:2888       __VRAM
 0000:3417       __wherexy
 0000:3BC4       __write
 0697:07F0       __wscroll
 0000:1C6D       __XCVT
 0000:3BFE       __xfflush
 0000:2902       ___brk
 0697:009C       ___brklvl
 0000:19CD idle  ___fpreset
 0697:009A idle  ___heapbase
 0000:2924       ___sbrk
 0697:2BF0       ___SignalPtr
 0000:3ABE       ___write

  Address         Publics by Value

 0000:0000  Abs  __turboCvt
 0000:0000 idle  __turboCrt
 0000:0000  Abs  __cvtfak
 0000:000C idle  __AHSHIFT
 0000:015F       __cleanup
 0000:0172       __checknull
 0000:019A       __terminate
 0000:01EF       __restorezero
 0000:02A9       _abort
 0000:02BE idle  DGROUP@
 0000:02C0 idle  __MMODEL
 0000:02C2       _main
 0000:0329 idle  _TaskStat
 0000:04CE idle  _TaskKey
 0000:05A0 idle  _Task1
 0000:060E idle  _Task2
 0000:0632 idle  FISRQQ
 0000:067C idle  _Task3
 0000:075E idle  _TaskClk
 0000:07BE idle  _DispChar
 0000:07FC idle  _DispStr
 0000:0846       _OSStartHighRdy
 0000:0853       _OSCtxSw
 0000:0875       _OSIntCtxSw
 0000:0897       _OSTickISR
 0000:08AE       _OSTaskCreate
 0000:0987       _OSInit
 0000:0A97       _OSStart
 0000:0AE2       _OSSched
 0000:0B35 idle  _OSSchedLock
 0000:0B43 idle  _OSSchedUnlock
 0000:0B6A       _OSTCBInit
 0000:0C28       _OSIntEnter
 0000:0C2F       _OSIntExit
 0000:0C81 idle  _OSTaskChangePrio
 0000:0DBE idle  _OSTaskDel
 0000:0E32 idle  FICRQQ
 0000:0EC0 idle  _OSTaskDelReq
 0000:0F2F idle  _OSTaskSuspend
 0000:0FB5 idle  _OSTaskResume
 0000:1000 idle  __AHINCR
 0000:100B       _OSTimeDly
 0000:104C idle  _OSTimeDlyResume
 0000:10A4       _OSTimeTick
 0000:10FA idle  _OSTimeSet
 0000:110E idle  _OSTimeGet
 0000:112C idle  _OSSemCreate
 0000:117E idle  _OSSemAccept
 0000:1196 idle  _OSSemPend
 0000:125F idle  _OSSemPost
 0000:1323       _OSMboxCreate
 0000:1370 idle  _OSMboxAccept
 0000:1391       _OSMboxPend
 0000:148F       _OSMboxPost
 0000:155B       _OSQCreate
 0000:15F5 idle  _OSQAccept
 0000:162C       _OSQPend
 0000:1632  Abs  FIERQQ
 0000:176A       _OSQPost
 0000:19CD idle  ___fpreset
 0000:1AB4       __fpuint
 0000:1C6D       __XCVT
 0000:1E70       __fperror
 0000:1EF8       __POW10
 0000:1FC1       _pow10
 0000:1FCC idle  _atexit
 0000:203E       _exit
 0000:204D       __exit
 0000:205F idle  __cexit
 0000:206D idle  __c_exit
 0000:2079       _getdate
 0000:208C       _gettime
 0000:209F       _getvect
 0000:20AE       _setvect
 0000:20BF       N_LDIV@
 0000:20C2 idle  LDIV@
 0000:20C2 idle  F_LDIV@
 0000:20C6 idle  N_LUDIV@
 0000:20C9 idle  F_LUDIV@
 0000:20C9 idle  LUDIV@
 0000:20CE idle  N_LMOD@
 0000:20D1 idle  F_LMOD@
 0000:20D1 idle  LMOD@
 0000:20D6 idle  N_LUMOD@
 0000:20D9 idle  LUMOD@
 0000:20D9 idle  F_LUMOD@
 0000:216D       N_LXLSH@
 0000:2170 idle  LXLSH@
 0000:2170 idle  F_LXLSH@
 0000:218E       __IOERROR
 0000:21C7 idle  __DOSERROR
 0000:21D9       _isatty
 0000:21EA       __LONGTOA
 0000:2267 idle  __UTOA
 0000:2284       _lseek
 0000:22AD       N_LXMUL@
 0000:22C4 idle  _srand
 0000:22D5       _rand
 0000:22FB       __setupio
 0000:23B0       __VPRINTER
 0000:2863       __VPTR
 0000:2888       __VRAM
 0000:2902       ___brk
 0000:2924       ___sbrk
 0000:2955 idle  _brk
 0000:2961 idle  _sbrk
 0000:2971       _clrscr
 0000:299A       __CPUTN
 0000:2ACD idle  _cprintf
 0000:2B1B       __VideoInt
 0000:2BA6 idle  __c0crtinit
 0000:2BC3 idle  __crtinit
 0000:2CA3       _getch
 0000:2CBC idle  __Ngetche
 0000:2CBC idle  _getche
 0000:2CD9 idle  __Nungetch
 0000:2CD9 idle  _ungetch
 0000:2CF7       _gettext
 0000:2D4B       _puttext
 0000:2D9F       _kbhit
 0000:2DB1       _movetext
 0000:2E4E       _free
 0000:2F1D       _malloc
 0000:3074 idle  _realloc
 0000:30C5       _putch
 0000:30D8       __REALCVT
 0000:3208       __SCREENIO
 0000:3244       __VALIDATEXY
 0000:32BB       __SCROLL
 0000:3417       __wherexy
 0000:3421 idle  _wherex
 0000:3430 idle  _wherey
 0000:3443       _fflush
 0000:34C0       _flushall
 0000:34F8       _fprintf
 0000:356B       _fseek
 0000:35CF idle  _ftell
 0000:3690       _memcpy
 0000:36AF idle  __fputc
 0000:36C6 idle  _fputc
 0000:37ED idle  _fputchar
 0000:37FE       __FPUTN
 0000:3993       _setvbuf
 0000:3A85       _sprintf
 0000:3AA2 idle  _vsprintf
 0000:3ABE       ___write
 0000:3BC4       __write
 0000:3BFE       __xfflush
 0000:4000 idle  FJARQQ
 0000:5C32  Abs  FIDRQQ
 0000:8000 idle  FJSRQQ
 0000:A23D  Abs  FIWRQQ
 0000:C000 idle  FJCRQQ
 0000:FE32 idle  FIARQQ
 03C2:2152       e086_Entry
 03C2:26E0       e086_Shortcut
 063A:0306       e087_Entry
 063A:03C6       e087_Shortcut
 063A:0430       e087_Trap
 0697:0000 idle  DATASEG@
 0697:0074 idle  __Int0Vector
 0697:0078 idle  __Int4Vector
 0697:007C idle  __Int5Vector
 0697:0080 idle  __Int6Vector
 0697:0084 idle  __C0argc
 0697:0086 idle  __C0argv
 0697:0088 idle  __C0environ
 0697:008A idle  __envLng
 0697:008C idle  __envseg
 0697:008E idle  __envSize
 0697:0090       __psp
 0697:0092 idle  __osversion
 0697:0092 idle  __osmajor
 0697:0092       __version
 0697:0093 idle  __osminor
 0697:0094       _errno
 0697:0096 idle  __StartTime
 0697:009A idle  ___heapbase
 0697:009C       ___brklvl
 0697:009E idle  __heapbase
 0697:00A2 idle  __brklvl
 0697:00A6 idle  __heaptop
 0697:025A idle  _OSMapTbl
 0697:0262 idle  _OSUnMapTbl
 0697:0370 idle  __8087
 0697:0380       __protected
 0697:0381       __LDT
 0697:0384       __default87
 0697:04A0       __emu
 0697:05B0       __atexitcnt
 0697:05B2       __exitbuf
 0697:05B4 idle  __exitfopen
 0697:05B6 idle  __exitopen
 0697:05B8       __streams
 0697:06F8       __nfile
 0697:06FA       __openfd
 0697:0722       __fpstklen
 0697:0724       __heaplen
 0697:0726 idle  __doserrno
 0697:0728 idle  __dosErrorToSV
 0697:0786       __stklen
 0697:07F0       __wscroll
 0697:07F2       __video
 0697:0801       _directvideo
 0697:083C       __cFlag
 0697:083D       __cChar
 0697:083E idle  __first
 0697:0840 idle  __last
 0697:0842 idle  __rover
 0697:084A       __RealCvtVector
 0697:084E idle  __ScanTodVector
 0697:086C idle  _OldSP
 0697:086E idle  _OldBP
 0697:0870 idle  _OldTickISR
 0697:0874 idle  _KeyQ
 0697:0888 idle  _KeyMboxPtr
 0697:088A idle  _KeyQPtr
 0697:088C idle  _Task3Stk
 0697:0C8C idle  _Task2Stk
 0697:108C idle  _Task1Stk
 0697:148C idle  _TaskKeyStk
 0697:188C idle  _TaskClkStk
 0697:1C8C idle  _TaskStatStk
 0697:2B23       _OSTCBPrioTbl
 0697:2BA3       _OSTCBHighRdy
 0697:2BA5       _OSTCBCur
 0697:2BA7       _OSRunning
 0697:2BA8 idle  _OSIntNesting
 0697:2BA9       _OSIdleCtr
 0697:2BAD       _OSCtxSwCtr
 0697:2BB0       __atexittbl
 0697:2BF0       ___SignalPtr

Program entry point at 0000:0000

